// Jest Snapshot v1, https://goo.gl/fbAQLP

exports[`Dashboard should match snapshopt 1`] = `
<div>
  <h1
    class="sc-gsnTZi hzNvtF"
  >
    Search for a GitHub repository profile
  </h1>
  <form
    class="sc-dkzDqf hPgmBl"
    data-testid="form"
  >
    <input
      aria-label="search-input"
      placeholder="Search a profile"
      value=""
    />
    <button
      type="submit"
    >
      <svg
        fill="none"
        height="25"
        stroke="currentColor"
        stroke-linecap="round"
        stroke-linejoin="round"
        stroke-width="2"
        viewBox="0 0 24 24"
        width="25"
        xmlns="http://www.w3.org/2000/svg"
      >
        <circle
          cx="11"
          cy="11"
          r="8"
        />
        <line
          x1="21"
          x2="16.65"
          y1="21"
          y2="16.65"
        />
      </svg>
    </button>
  </form>
  <div
    class="sc-hKMtZM euXsAI"
  />
</div>
`;
